// Jest Snapshot v1, https://goo.gl/fbAQLP

exports[`renderQueryListBlock should render query list block  1`] = `
<ul
  class="query-list"
>
  
      
  <li
    data-id="r_reactjs"
  >
    
        
    <button
      class="check-mark"
    >
      
          
      <svg
        viewBox="0 0 16 16"
        xmlns="http://www.w3.org/2000/svg"
      >
        
            
        <use
          href="#check-mark-path"
        >
          
          
        </use>
      </svg>
      
        
    </button>
    
        
    <div
      class="query-name"
    >
      r/reactjs (4)
    </div>
    
        
    <button
      class="arrow-right"
    >
      <img
        src="arrowhead-right.svg"
      />
    </button>
    
      
  </li>
  <li
    data-id="s_judzi2k1"
  >
    
        
    <button
      class="check-mark"
    >
      
          
      <svg
        viewBox="0 0 16 16"
        xmlns="http://www.w3.org/2000/svg"
      >
        
            
        <use
          href="#check-mark-path"
        >
          
          
        </use>
      </svg>
      
        
    </button>
    
        
    <div
      class="query-name"
    >
      dogs in r/aww (11)
    </div>
    
        
    <button
      class="arrow-right"
    >
      <img
        src="arrowhead-right.svg"
      />
    </button>
    
      
  </li>
</ul>
`;
