// Jest Snapshot v1, https://goo.gl/fbAQLP

exports[`templates should match snapshot 1`] = `
Object {
  "noPosts": <DocumentFragment>
    
                
    <div
      class="no-posts"
    >
      No unread posts
    </div>
    
            
  </DocumentFragment>,
  "postList": <DocumentFragment>
    
                
    <ul
      class="post-list"
    />
    
            
  </DocumentFragment>,
  "postListRow": <DocumentFragment>
    
                
    <li
      tabindex="1"
    >
      
                    
      <button
        class="check-mark"
        data-l10n-attrs="title"
        data-l10n-id="postListCheckMark"
        data-l10n-nocontent="true"
      >
        
                        
        <svg
          viewBox="0 0 16 16"
          xmlns="http://www.w3.org/2000/svg"
        >
          
                            
          <use
            href="#check-mark-path"
          />
          
                        
        </svg>
        
                    
      </button>
      
                    
      <a
        href="#"
      />
      
                
    </li>
    
            
  </DocumentFragment>,
  "queryList": <DocumentFragment>
    
                
    <ul
      class="query-list"
    />
    
            
  </DocumentFragment>,
  "queryListRow": <DocumentFragment>
    
                
    <li
      tabindex="1"
    >
      
                    
      <button
        class="check-mark"
        data-l10n-attrs="title"
        data-l10n-id="queryListCheckMark"
        data-l10n-nocontent="true"
      >
        
                        
        <svg
          viewBox="0 0 16 16"
          xmlns="http://www.w3.org/2000/svg"
        >
          
                            
          <use
            href="#check-mark-path"
          />
          
                        
        </svg>
        
                    
      </button>
      
                    
      <div
        class="query-name"
      />
      
                    
      <button
        class="arrow-right"
      >
        
                        
        <svg
          height="16"
          viewBox="0 0 24 24"
          width="16"
          xmlns="http://www.w3.org/2000/svg"
        >
          
                            
          <path
            clip-rule="evenodd"
            d="M8.293 4.293a1 1 0 0 1 1.414 0l7 7a1 1 0 0 1 0 1.414l-7 7a1 1 0 0 1-1.414-1.414L14.586 12 8.293 5.707a1 1 0 0 1 0-1.414z"
            fill="currentColor"
            fill-rule="evenodd"
          />
          
                        
        </svg>
        
                    
      </button>
      
                
    </li>
    
            
  </DocumentFragment>,
}
`;
